Execution Results for FepLean_Symmetric_Boolean_Generative_Model_jax.py
Timestamp: 2026-09-03T21:58:38.280492
Return Code: 0
Benchmark repeats: 1
Execution Time (median wall-clock): 1.85 seconds
Sample durations (s): [1.854978]
Duration mean/std (s): 1.8550 / 0.0000
Model: FepLeanSymmetricBool
Framework: jax
Output Directory: /Users/hum/Documents/GitHub/HumOS/projects/outside_of_hum/fep_lean/specs/gnn-bridge-p3-certificates/gnn_output/12_execute_output/FepLeanSymmetricBool/jax

STDOUT:
============================================================
JAX Active Inference Model: FepLean_Symmetric_Boolean_Generative_Model
============================================================

✅ Model parameters created
   A matrix shape: (2, 2)
   B matrix shape: (2, 2, 2)
   C vector shape: (2,)
   D vector shape: (2,)

FepLean_Symmetric_Boolean_Generative_Model Model Summary (Pure JAX Implementation):
- Number of states: 2
- Number of observations: 2
- Number of actions: 2
- Parameters: A matrix, B matrix, C vector, D vector

Key Functions:
- create_params(): Create model parameters
- belief_update(): Bayesian belief update
- compute_expected_free_energy(): Compute EFE for action
- choose_action(): Choose action with minimum EFE
- simulate_step(): One step of Active Inference
- run_simulation(): Full simulation over observations


🧪 Running test simulation...

📊 Simulation Results:
   Initial belief: [0.5 0.5]
   Updated belief: [0.5 0.5]
   Selected action: 0
   Expected free energy: 0.1931
   EFE for all actions: [0.19314718 0.19314718]

🔄 Running 1-step simulation...
   Actions taken: [0]
   Final belief: [0.5 0.5]
   Average EFE: 0.1931

💾 Saved simulation results to: /Users/hum/Documents/GitHub/HumOS/projects/outside_of_hum/fep_lean/specs/gnn-bridge-p3-certificates/gnn_output/12_execute_output/FepLeanSymmetricBool/jax/simulation_data/simulation_results.json

✅ JAX Active Inference model test successful!


STDERR:
