Execution Results for FepLean_Symmetric_Boolean_Generative_Model_stan.py
Timestamp: 2026-09-03T16:06:44.853634
Return Code: 0
Benchmark repeats: 1
Execution Time (median wall-clock): 13.94 seconds
Sample durations (s): [13.941409]
Duration mean/std (s): 13.9414 / 0.0000
Model: FepLeanSymmetricBool
Framework: stan
Output Directory: /Users/hum/Documents/GitHub/HumOS/projects/outside_of_hum/fep_lean/specs/gnn-bridge-p1-finite-spike/gnn_output/12_execute_output/FepLeanSymmetricBool/stan

STDOUT:
Stan HMM inference complete (NUTS via CmdStan (1 chain, 300 warmup, 300 draws)): T=2 S=2 O=2 U=2 rhat_max=1.010
Results saved to: /Users/hum/Documents/GitHub/HumOS/projects/outside_of_hum/fep_lean/specs/gnn-bridge-p1-finite-spike/gnn_output/12_execute_output/FepLeanSymmetricBool/stan/simulation_data/simulation_results.json
Validation: {'beliefs_in_range': True, 'beliefs_sum_to_one': True, 'a_posterior_columns_sum_to_one': True, 'rhat_ok': True, 'observations_in_range': True, 'all_valid': True}


STDERR:
16:06:45 - cmdstanpy - INFO - compiling stan file /Users/hum/Documents/GitHub/HumOS/projects/outside_of_hum/fep_lean/specs/gnn-bridge-p1-finite-spike/gnn_output/11_render_output/FepLeanSymmetricBool/stan/FepLean_Symmetric_Boolean_Generative_Model_stan.stan to exe file /Users/hum/Documents/GitHub/HumOS/projects/outside_of_hum/fep_lean/specs/gnn-bridge-p1-finite-spike/gnn_output/11_render_output/FepLeanSymmetricBool/stan/FepLean_Symmetric_Boolean_Generative_Model_stan
16:06:57 - cmdstanpy - INFO - compiled model executable: /Users/hum/Documents/GitHub/HumOS/projects/outside_of_hum/fep_lean/specs/gnn-bridge-p1-finite-spike/gnn_output/11_render_output/FepLeanSymmetricBool/stan/FepLean_Symmetric_Boolean_Generative_Model_stan
16:06:58 - cmdstanpy - INFO - created output directory: /Users/hum/Documents/GitHub/HumOS/projects/outside_of_hum/fep_lean/specs/gnn-bridge-p1-finite-spike/gnn_output/12_execute_output/FepLeanSymmetricBool/stan/simulation_data/cmdstan
16:06:58 - cmdstanpy - INFO - CmdStan start processing
16:06:58 - cmdstanpy - INFO - Chain [1] start processing
16:06:58 - cmdstanpy - INFO - Chain [1] done processing
