Execution Results for FepLean_Continuous_OU_Linear-Gaussian_Model_stan.py
Timestamp: 2026-09-04T12:19:01.614268
Return Code: 0
Benchmark repeats: 1
Execution Time (median wall-clock): 12.41 seconds
Sample durations (s): [12.413019]
Duration mean/std (s): 12.4130 / 0.0000
Model: FepLeanContinuousOU
Framework: stan
Output Directory: /Users/hum/Documents/GitHub/HumOS/projects/outside_of_hum/fep_lean/specs/gnn-bridge-p4b-continuous-emission/gnn_output/12_execute_output/FepLeanContinuousOU/stan

STDOUT:
Stan LGSSM inference complete: T=1 n=1 m=1 rmse_vs_true=0.6900 rhat=0.997
Results saved to: /Users/hum/Documents/GitHub/HumOS/projects/outside_of_hum/fep_lean/specs/gnn-bridge-p4b-continuous-emission/gnn_output/12_execute_output/FepLeanContinuousOU/stan/simulation_data/simulation_results.json
Validation: {'means_finite': True, 'posterior_cov_psd': True, 'rmse_finite': True, 'controls_finite': True, 'rhat_ok': True, 'all_valid': True}


STDERR:
12:19:01 - cmdstanpy - INFO - compiling stan file /Users/hum/Documents/GitHub/HumOS/projects/outside_of_hum/fep_lean/specs/gnn-bridge-p4b-continuous-emission/gnn_output/11_render_output/FepLeanContinuousOU/stan/FepLean_Continuous_OU_Linear-Gaussian_Model_stan.stan to exe file /Users/hum/Documents/GitHub/HumOS/projects/outside_of_hum/fep_lean/specs/gnn-bridge-p4b-continuous-emission/gnn_output/11_render_output/FepLeanContinuousOU/stan/FepLean_Continuous_OU_Linear-Gaussian_Model_stan
12:19:13 - cmdstanpy - INFO - compiled model executable: /Users/hum/Documents/GitHub/HumOS/projects/outside_of_hum/fep_lean/specs/gnn-bridge-p4b-continuous-emission/gnn_output/11_render_output/FepLeanContinuousOU/stan/FepLean_Continuous_OU_Linear-Gaussian_Model_stan
12:19:13 - cmdstanpy - INFO - created output directory: /Users/hum/Documents/GitHub/HumOS/projects/outside_of_hum/fep_lean/specs/gnn-bridge-p4b-continuous-emission/gnn_output/12_execute_output/FepLeanContinuousOU/stan/simulation_data/cmdstan
12:19:13 - cmdstanpy - INFO - CmdStan start processing
12:19:13 - cmdstanpy - INFO - Chain [1] start processing
12:19:13 - cmdstanpy - INFO - Chain [1] done processing
