Execution Results for FepLean_Symmetric_Boolean_Generative_Model_discopy.py
Timestamp: 2026-09-03T21:58:36.671530
Return Code: 0
Benchmark repeats: 1
Execution Time (median wall-clock): 0.57 seconds
Sample durations (s): [0.567846]
Duration mean/std (s): 0.5678 / 0.0000
Model: FepLeanSymmetricBool
Framework: discopy
Output Directory: /Users/hum/Documents/GitHub/HumOS/projects/outside_of_hum/fep_lean/specs/gnn-bridge-p3-certificates/gnn_output/12_execute_output/FepLeanSymmetricBool/discopy

STDOUT:
============================================================
DisCoPy Categorical Diagrams - GNN Generated
Model: FepLean Symmetric Boolean Generative Model
============================================================
✓ Defined basic types: S (states), O (observations), A (actions), P (probabilities)
✓ Defined 8 model components as morphisms

🏗️  Building Active Inference circuit...
⚠️  Prior composition type mismatch (S @ P @ C does not compose with StateInf @ P: S @ P @ O @ P != O @ P.), using perception-action loop
✓ Created perception-action loop

🔍 Analyzing circuit structure...
📊 Circuit Analysis:
  - Number of components: 8
  - Perception-action loop domain: O
  - Perception-action loop codomain: A
  - Generative model domain: O
  - Generative model codomain: A

🧩 Component Details:
  - A_matrix: S → O @ P
  - B_matrix: S @ A → S @ P
  - C_vector: Ty() → O @ P
  - D_vector: Ty() → S @ P
  - E_vector: Ty() → A @ P
  - state_inference: O → S @ P
  - policy_inference: S @ P → A @ P
  - action_selection: A @ P → A

🔗 Compositional Structure:
  - Loop composition depth: 3
  - Model composition depth: 3

💾 Exporting circuit data to discopy_diagrams/...
✓ Exported analysis: discopy_diagrams/circuit_analysis.json
✓ Exported circuit info: discopy_diagrams/circuit_info.json

✅ DisCoPy categorical diagram generation completed successfully!
📊 Circuit analysis and data export successful

🎉 Categorical representation of Active Inference model complete!


STDERR:
