Execution Results for FepLean_Symmetric_Boolean_Generative_Model_pymdp.py
Timestamp: 2026-09-03T21:33:35.280616
Return Code: 0
Benchmark repeats: 1
Execution Time (median wall-clock): 3.21 seconds
Sample durations (s): [3.21224]
Duration mean/std (s): 3.2122 / 0.0000
Model: FepLeanSymmetricBool
Framework: pymdp
Output Directory: /Users/hum/Documents/GitHub/HumOS/projects/outside_of_hum/fep_lean/specs/gnn-bridge-p1-finite-spike/gnn_output/12_execute_output/FepLeanSymmetricBool/pymdp

STDOUT:
PyMDP 1.0.0+ detected (JAX-first Agent).


STDERR:
2026-09-03 21:33:36,641 - INFO - Running pymdp 1.0.0 rollout for FepLean Symmetric Boolean Generative Model
2026-09-03 21:33:36,641 - INFO - Output directory: output/pymdp_simulations/FepLean Symmetric Boolean Generative Model
2026-09-03 21:33:36,641 - INFO - Executing PyMDP simulation (correlation_id: render_generated_script)
2026-09-03 21:33:36,642 - INFO - Starting pymdp 1.0.0 rollout (JAX backend)
2026-09-03 21:33:36,642 - INFO - Dimensions: No=2, Ns=2, Nu=2 | T=1, batch=1, policy_len=1
2026-09-03 21:33:36,659 - INFO - Unable to initialize backend 'tpu': INTERNAL: Failed to open libtpu.so: dlopen(libtpu.so, 0x0001): tried: 'libtpu.so' (no such file), '/System/Volumes/Preboot/Cryptexes/OSlibtpu.so' (no such file), '/Users/hum/.local/share/uv/python/cpython-3.11.15-macos-aarch64-none/lib/libtpu.so' (no such file), '/usr/lib/libtpu.so' (no such file, not in dyld cache), 'libtpu.so' (no such file)
2026-09-03 21:33:36,955 - INFO - pymdp 1.0.0 Agent built (batch_size=1)
2026-09-03 21:33:38,263 - INFO - t=00 obs=0 belief=[0.5, 0.5] action=1 next_state=0
2026-09-03 21:33:38,263 - INFO - Saved simulation results to output/pymdp_simulations/FepLean Symmetric Boolean Generative Model/simulation_results.json
2026-09-03 21:33:38,264 - INFO - PyMDP simulation completed successfully
2026-09-03 21:33:38,264 - INFO - Simulation completed successfully
2026-09-03 21:33:38,264 - INFO -   framework:    PyMDP
2026-09-03 21:33:38,264 - INFO -   pymdp ver:    1.0.0
2026-09-03 21:33:38,264 - INFO -   backend:      jax
2026-09-03 21:33:38,264 - INFO -   num_timesteps:1
