2026-09-04 12:18:40,683 [b3d66b1b:pipeline] jax._src.path - DEBUG - <module>:44 - etils.epath found. Using etils.epath for file I/O.
2026-09-04 12:18:41,236 [b3d66b1b:pipeline] pipeline - INFO - _log_backend_versions:402 - Step 12 backends: jax=0.9.2; jaxlib=0.9.2; torch=missing; numpyro=0.20.1; discopy=1.2.2
2026-09-04 12:18:41,239 [b3d66b1b:pipeline] pipeline - INFO - _resolve_steps_to_execute:471 - Executing steps: ['3_gnn.py', '5_type_checker.py', '11_render.py', '12_execute.py']
2026-09-04 12:18:41,240 [b3d66b1b:pipeline] pipeline.hasher - DEBUG - _compute_run_hash_impl:59 - Run hash: 46668c78aa18 (1 input files)
2026-09-04 12:18:41,243 [b3d66b1b:pipeline] pipeline - INFO - None:0 - 🚀 Starting GNN Processing Pipeline [total_steps=4 | target_dir=/Users/hum/Documents/GitHub/HumOS/projects/outside_of_hum/fep_lean/specs/gnn-bridge-p4b-continuous-emission/gnn-input | output_dir=/Users/hum/Documents/GitHub/HumOS/projects/outside_of_hum/fep_lean/specs/gnn-bridge-p4b-continuous-emission/gnn_output] [total_steps=4 | target_dir=/Users/hum/Documents/GitHub/HumOS/projects/outside_of_hum/fep_lean/specs/gnn-bridge-p4b-continuous-emission/gnn-input | output_dir=/Users/hum/Documents/GitHub/HumOS/projects/outside_of_hum/fep_lean/specs/gnn-bridge-p4b-continuous-emission/gnn_output]
2026-09-04 12:18:41,244 [b3d66b1b:pipeline] pipeline - INFO - None:0 - ┌─ Step 1/4: Step 1 RUNNING
└─ Progress: [███████▒▒▒▒▒▒▒▒▒▒▒▒▒▒▒▒▒▒▒▒▒▒▒] (25%)
    Starting GNN file processing [step_number=1 | total_steps=4 | script_name=3_gnn.py] [step_number=1 | total_steps=4 | script_name=3_gnn.py]
2026-09-04 12:18:41,247 [b3d66b1b:pipeline] pipeline - INFO - execute_pipeline_step:1511 - Executing command: /Users/hum/Documents/GitHub/HumOS/projects/outside_of_hum/GeneralizedNotationNotation/.venv/bin/python /Users/hum/Documents/GitHub/HumOS/projects/outside_of_hum/GeneralizedNotationNotation/src/3_gnn.py --target-dir /Users/hum/Documents/GitHub/HumOS/projects/outside_of_hum/fep_lean/specs/gnn-bridge-p4b-continuous-emission/gnn-input --output-dir /Users/hum/Documents/GitHub/HumOS/projects/outside_of_hum/fep_lean/specs/gnn-bridge-p4b-continuous-emission/gnn_output --recursive --verbose --serialize-preset full
2026-09-04 12:18:41,373 [b3d66b1b:pipeline] pipeline - INFO - execute_pipeline_step:1534 - Command completed with exit code: 0
2026-09-04 12:18:41,374 [b3d66b1b:pipeline] pipeline - INFO - None:0 - ✅ ✅ Step 1 completed with SUCCESS in 130ms
Progress: 1/4 steps (1 successful)
    GNN file processing completed [status=SUCCESS | step_number=1] [status=SUCCESS | step_number=1]
2026-09-04 12:18:41,375 [b3d66b1b:pipeline] pipeline - INFO - None:0 - ┌─ Step 2/4: Step 2 RUNNING
└─ Progress: [███████████████▒▒▒▒▒▒▒▒▒▒▒▒▒▒▒] (50%)
    Starting Type checking [step_number=2 | total_steps=4 | script_name=5_type_checker.py] [step_number=2 | total_steps=4 | script_name=5_type_checker.py]
2026-09-04 12:18:41,378 [b3d66b1b:pipeline] pipeline - INFO - execute_pipeline_step:1511 - Executing command: /Users/hum/Documents/GitHub/HumOS/projects/outside_of_hum/GeneralizedNotationNotation/.venv/bin/python /Users/hum/Documents/GitHub/HumOS/projects/outside_of_hum/GeneralizedNotationNotation/src/5_type_checker.py --target-dir /Users/hum/Documents/GitHub/HumOS/projects/outside_of_hum/fep_lean/specs/gnn-bridge-p4b-continuous-emission/gnn-input --output-dir /Users/hum/Documents/GitHub/HumOS/projects/outside_of_hum/fep_lean/specs/gnn-bridge-p4b-continuous-emission/gnn_output --recursive --verbose
2026-09-04 12:18:42,209 [b3d66b1b:pipeline] pipeline - INFO - execute_pipeline_step:1534 - Command completed with exit code: 0
2026-09-04 12:18:42,210 [b3d66b1b:pipeline] pipeline - INFO - None:0 - ✅ ✅ Step 2 completed with SUCCESS in 835ms
Progress: 2/4 steps (2 successful)
    Type checking completed [status=SUCCESS | step_number=2] [status=SUCCESS | step_number=2]
2026-09-04 12:18:42,210 [b3d66b1b:pipeline] pipeline - INFO - None:0 - ┌─ Step 3/4: Step 3 RUNNING
└─ Progress: [██████████████████████▒▒▒▒▒▒▒▒] (75%)
    Starting Code rendering [step_number=3 | total_steps=4 | script_name=11_render.py] [step_number=3 | total_steps=4 | script_name=11_render.py]
2026-09-04 12:18:42,214 [b3d66b1b:pipeline] pipeline - INFO - execute_pipeline_step:1511 - Executing command: /Users/hum/Documents/GitHub/HumOS/projects/outside_of_hum/GeneralizedNotationNotation/.venv/bin/python /Users/hum/Documents/GitHub/HumOS/projects/outside_of_hum/GeneralizedNotationNotation/src/11_render.py --target-dir /Users/hum/Documents/GitHub/HumOS/projects/outside_of_hum/fep_lean/specs/gnn-bridge-p4b-continuous-emission/gnn-input --output-dir /Users/hum/Documents/GitHub/HumOS/projects/outside_of_hum/fep_lean/specs/gnn-bridge-p4b-continuous-emission/gnn_output --recursive --verbose --simulation-params {} --frameworks all
2026-09-04 12:18:42,345 [b3d66b1b:pipeline] pipeline - INFO - execute_pipeline_step:1534 - Command completed with exit code: 0
2026-09-04 12:18:42,346 [b3d66b1b:pipeline] pipeline - INFO - None:0 - ✅ ✅ Step 3 completed with SUCCESS in 136ms
Progress: 3/4 steps (3 successful)
    Code rendering completed [status=SUCCESS | step_number=3] [status=SUCCESS | step_number=3]
2026-09-04 12:18:42,347 [b3d66b1b:pipeline] pipeline - INFO - None:0 - ┌─ Step 4/4: Step 4 RUNNING
└─ Progress: [██████████████████████████████] (100%)
    Starting Execution [step_number=4 | total_steps=4 | script_name=12_execute.py] [step_number=4 | total_steps=4 | script_name=12_execute.py]
2026-09-04 12:18:42,351 [b3d66b1b:pipeline] pipeline - INFO - execute_pipeline_step:1511 - Executing command: /Users/hum/Documents/GitHub/HumOS/projects/outside_of_hum/GeneralizedNotationNotation/.venv/bin/python /Users/hum/Documents/GitHub/HumOS/projects/outside_of_hum/GeneralizedNotationNotation/src/12_execute.py --target-dir /Users/hum/Documents/GitHub/HumOS/projects/outside_of_hum/fep_lean/specs/gnn-bridge-p4b-continuous-emission/gnn-input --output-dir /Users/hum/Documents/GitHub/HumOS/projects/outside_of_hum/fep_lean/specs/gnn-bridge-p4b-continuous-emission/gnn_output --recursive --verbose --frameworks all --timeout 300 --execution-workers 1
2026-09-04 12:19:14,136 [b3d66b1b:pipeline] pipeline - INFO - execute_pipeline_step:1534 - Command completed with exit code: 0
2026-09-04 12:19:14,138 [b3d66b1b:pipeline] pipeline - INFO - None:0 - ✅ ✅ Step 4 completed with SUCCESS in 31.8s
Progress: 4/4 steps (4 successful)
    Execution completed [status=SUCCESS | step_number=4] [status=SUCCESS | step_number=4]
2026-09-04 12:19:14,139 [b3d66b1b:pipeline] pipeline - INFO - _write_pipeline_summary_outputs:1066 - Saving pipeline summary to: /Users/hum/Documents/GitHub/HumOS/projects/outside_of_hum/fep_lean/specs/gnn-bridge-p4b-continuous-emission/gnn_output/00_pipeline_summary/pipeline_execution_summary.json
2026-09-04 12:19:14,139 [b3d66b1b:pipeline] pipeline - INFO - _write_pipeline_summary_outputs:1072 - Pipeline summary saved successfully
2026-09-04 12:19:14,140 [b3d66b1b:pipeline] pipeline.hasher - INFO - index_run:132 - 📇 Indexed run 46668c78aa18 in /Users/hum/Documents/GitHub/HumOS/projects/outside_of_hum/fep_lean/specs/gnn-bridge-p4b-continuous-emission/gnn_output/00_pipeline_summary/.history/index.json
2026-09-04 12:19:14,140 [b3d66b1b:pipeline] pipeline - INFO - _write_performance_dashboard:989 - 📊 D3 Performance Dashboard rendered to: /Users/hum/Documents/GitHub/HumOS/projects/outside_of_hum/fep_lean/specs/gnn-bridge-p4b-continuous-emission/gnn_output/00_pipeline_summary/performance_dashboard.html
2026-09-04 12:19:14,150 [b3d66b1b:pipeline] report.pipeline_report - INFO - generate_pipeline_report:66 - 📄 Pipeline report generated (1733 chars)
2026-09-04 12:19:14,150 [b3d66b1b:pipeline] pipeline - INFO - _write_final_pipeline_report:1012 - 📄 Final pipeline report written to: /Users/hum/Documents/GitHub/HumOS/projects/outside_of_hum/fep_lean/specs/gnn-bridge-p4b-continuous-emission/gnn_output/PIPELINE_REPORT.md
2026-09-04 12:19:14,150 [b3d66b1b:pipeline] pipeline - INFO - _log_pipeline_summary_counts:1027 - Summary: 4/4 steps successful, 0 failed
2026-09-04 12:19:14,150 [b3d66b1b:pipeline] pipeline - INFO - _print_pipeline_completion:1116 - ┌─ Step 4/4: Overall Progress SUCCESS
└─ Progress: [██████████████████████████████] (100%)
Stats: ✅ Success: 4 | ⚠️ Warnings: 0 | ❌ Failed: 0 | ⏱️ Elapsed: 32.9s
2026-09-04 12:19:14,150 [b3d66b1b:pipeline] pipeline - INFO - log_pipeline_summary:1215 - 
2026-09-04 12:19:14,150 [b3d66b1b:pipeline] pipeline - INFO - log_pipeline_summary:1216 - ╔═══════════════════════════════════════════════════════════════════════════════════╗
2026-09-04 12:19:14,150 [b3d66b1b:pipeline] pipeline - INFO - log_pipeline_summary:1217 - ║                     ✅ PIPELINE EXECUTION SUMMARY - SUCCESS ✅                      ║
2026-09-04 12:19:14,150 [b3d66b1b:pipeline] pipeline - INFO - log_pipeline_summary:1218 - ╠═══════════════════════════════════════════════════════════════════════════════════╣
2026-09-04 12:19:14,150 [b3d66b1b:pipeline] pipeline - INFO - log_pipeline_summary:1220 - ║ Total Steps: 4                                                                    ║
2026-09-04 12:19:14,150 [b3d66b1b:pipeline] pipeline - INFO - log_pipeline_summary:1220 - ║ ✅ Successful: 4                                                                   ║
2026-09-04 12:19:14,150 [b3d66b1b:pipeline] pipeline - INFO - log_pipeline_summary:1220 - ║ ⚠️ Warnings: 0                                                                    ║
2026-09-04 12:19:14,150 [b3d66b1b:pipeline] pipeline - INFO - log_pipeline_summary:1220 - ║ ❌ Failed: 0                                                                       ║
2026-09-04 12:19:14,151 [b3d66b1b:pipeline] pipeline - INFO - log_pipeline_summary:1220 - ║ ⏱️ Total Time: 32.9s                                                              ║
2026-09-04 12:19:14,151 [b3d66b1b:pipeline] pipeline - INFO - log_pipeline_summary:1220 - ║ Average Step Time: 8.22s                                                          ║
2026-09-04 12:19:14,151 [b3d66b1b:pipeline] pipeline - INFO - log_pipeline_summary:1220 - ║ 📊 Success Rate: 100.0%                                                            ║
2026-09-04 12:19:14,151 [b3d66b1b:pipeline] pipeline - INFO - log_pipeline_summary:1221 - ╚═══════════════════════════════════════════════════════════════════════════════════╝
2026-09-04 12:19:14,151 [b3d66b1b:pipeline] pipeline - INFO - log_pipeline_summary:1222 - 
