2026-09-03 21:57:45,524 [763fb467:pipeline] jax._src.path - DEBUG - <module>:44 - etils.epath found. Using etils.epath for file I/O.
2026-09-03 21:57:48,303 [763fb467:pipeline] pipeline - INFO - _log_backend_versions:265 - Step 12 backends: jax=0.9.2; jaxlib=0.9.2; torch=2.14.0; numpyro=0.20.1; discopy=1.2.2
2026-09-03 21:57:48,310 [763fb467:pipeline] pipeline - INFO - _resolve_steps_to_execute:321 - Executing steps: ['3_gnn.py', '5_type_checker.py', '11_render.py', '12_execute.py']
2026-09-03 21:57:48,312 [763fb467:pipeline] pipeline.hasher - DEBUG - _compute_run_hash_impl:59 - Run hash: 5b4ac1c31796 (1 input files)
2026-09-03 21:57:48,317 [763fb467:pipeline] pipeline - INFO - None:0 - 🚀 Starting GNN Processing Pipeline [total_steps=4 | target_dir=/Users/hum/Documents/GitHub/HumOS/projects/outside_of_hum/fep_lean/specs/gnn-bridge-p1-finite-spike/gnn-input | output_dir=/Users/hum/Documents/GitHub/HumOS/projects/outside_of_hum/fep_lean/specs/gnn-bridge-p3-certificates/gnn_output] [total_steps=4 | target_dir=/Users/hum/Documents/GitHub/HumOS/projects/outside_of_hum/fep_lean/specs/gnn-bridge-p1-finite-spike/gnn-input | output_dir=/Users/hum/Documents/GitHub/HumOS/projects/outside_of_hum/fep_lean/specs/gnn-bridge-p3-certificates/gnn_output]
2026-09-03 21:57:48,320 [763fb467:pipeline] pipeline - INFO - None:0 - ┌─ Step 1/4: Step 1 RUNNING
└─ Progress: [███████▒▒▒▒▒▒▒▒▒▒▒▒▒▒▒▒▒▒▒▒▒▒▒] (25%)
    Starting GNN file processing [step_number=1 | total_steps=4 | script_name=3_gnn.py] [step_number=1 | total_steps=4 | script_name=3_gnn.py]
2026-09-03 21:57:48,326 [763fb467:pipeline] pipeline - INFO - execute_pipeline_step:1339 - Executing command: /Users/hum/Documents/GitHub/HumOS/projects/outside_of_hum/GeneralizedNotationNotation/.venv/bin/python /Users/hum/Documents/GitHub/HumOS/projects/outside_of_hum/GeneralizedNotationNotation/src/3_gnn.py --target-dir /Users/hum/Documents/GitHub/HumOS/projects/outside_of_hum/fep_lean/specs/gnn-bridge-p1-finite-spike/gnn-input --output-dir /Users/hum/Documents/GitHub/HumOS/projects/outside_of_hum/fep_lean/specs/gnn-bridge-p3-certificates/gnn_output --recursive --verbose --serialize-preset full
2026-09-03 21:57:48,588 [763fb467:pipeline] pipeline - INFO - execute_pipeline_step:1362 - Command completed with exit code: 0
2026-09-03 21:57:48,590 [763fb467:pipeline] pipeline - INFO - None:0 - ✅ ✅ Step 1 completed with SUCCESS in 271ms
Progress: 1/4 steps (1 successful)
    GNN file processing completed [status=SUCCESS | step_number=1] [status=SUCCESS | step_number=1]
2026-09-03 21:57:48,592 [763fb467:pipeline] pipeline - INFO - None:0 - ┌─ Step 2/4: Step 2 RUNNING
└─ Progress: [███████████████▒▒▒▒▒▒▒▒▒▒▒▒▒▒▒] (50%)
    Starting Type checking [step_number=2 | total_steps=4 | script_name=5_type_checker.py] [step_number=2 | total_steps=4 | script_name=5_type_checker.py]
2026-09-03 21:57:48,598 [763fb467:pipeline] pipeline - INFO - execute_pipeline_step:1339 - Executing command: /Users/hum/Documents/GitHub/HumOS/projects/outside_of_hum/GeneralizedNotationNotation/.venv/bin/python /Users/hum/Documents/GitHub/HumOS/projects/outside_of_hum/GeneralizedNotationNotation/src/5_type_checker.py --target-dir /Users/hum/Documents/GitHub/HumOS/projects/outside_of_hum/fep_lean/specs/gnn-bridge-p1-finite-spike/gnn-input --output-dir /Users/hum/Documents/GitHub/HumOS/projects/outside_of_hum/fep_lean/specs/gnn-bridge-p3-certificates/gnn_output --recursive --verbose
2026-09-03 21:57:50,634 [763fb467:pipeline] pipeline - INFO - execute_pipeline_step:1362 - Command completed with exit code: 0
2026-09-03 21:57:50,635 [763fb467:pipeline] pipeline - INFO - None:0 - ✅ ✅ Step 2 completed with SUCCESS in 2.04s
Progress: 2/4 steps (2 successful)
    Type checking completed [status=SUCCESS | step_number=2] [status=SUCCESS | step_number=2]
2026-09-03 21:57:50,637 [763fb467:pipeline] pipeline - INFO - None:0 - ┌─ Step 3/4: Step 3 RUNNING
└─ Progress: [██████████████████████▒▒▒▒▒▒▒▒] (75%)
    Starting Code rendering [step_number=3 | total_steps=4 | script_name=11_render.py] [step_number=3 | total_steps=4 | script_name=11_render.py]
2026-09-03 21:57:50,642 [763fb467:pipeline] pipeline - INFO - execute_pipeline_step:1339 - Executing command: /Users/hum/Documents/GitHub/HumOS/projects/outside_of_hum/GeneralizedNotationNotation/.venv/bin/python /Users/hum/Documents/GitHub/HumOS/projects/outside_of_hum/GeneralizedNotationNotation/src/11_render.py --target-dir /Users/hum/Documents/GitHub/HumOS/projects/outside_of_hum/fep_lean/specs/gnn-bridge-p1-finite-spike/gnn-input --output-dir /Users/hum/Documents/GitHub/HumOS/projects/outside_of_hum/fep_lean/specs/gnn-bridge-p3-certificates/gnn_output --recursive --verbose --simulation-params {} --frameworks all
2026-09-03 21:57:50,892 [763fb467:pipeline] pipeline - INFO - execute_pipeline_step:1362 - Command completed with exit code: 0
2026-09-03 21:57:50,894 [763fb467:pipeline] pipeline - INFO - None:0 - ✅ ✅ Step 3 completed with SUCCESS in 257ms
Progress: 3/4 steps (3 successful)
    Code rendering completed [status=SUCCESS | step_number=3] [status=SUCCESS | step_number=3]
2026-09-03 21:57:50,895 [763fb467:pipeline] pipeline - INFO - None:0 - ┌─ Step 4/4: Step 4 RUNNING
└─ Progress: [██████████████████████████████] (100%)
    Starting Execution [step_number=4 | total_steps=4 | script_name=12_execute.py] [step_number=4 | total_steps=4 | script_name=12_execute.py]
2026-09-03 21:57:50,902 [763fb467:pipeline] pipeline - INFO - execute_pipeline_step:1339 - Executing command: /Users/hum/Documents/GitHub/HumOS/projects/outside_of_hum/GeneralizedNotationNotation/.venv/bin/python /Users/hum/Documents/GitHub/HumOS/projects/outside_of_hum/GeneralizedNotationNotation/src/12_execute.py --target-dir /Users/hum/Documents/GitHub/HumOS/projects/outside_of_hum/fep_lean/specs/gnn-bridge-p1-finite-spike/gnn-input --output-dir /Users/hum/Documents/GitHub/HumOS/projects/outside_of_hum/fep_lean/specs/gnn-bridge-p3-certificates/gnn_output --recursive --verbose --frameworks all --timeout 300 --execution-workers 1
2026-09-03 21:59:30,753 [763fb467:pipeline] pipeline - INFO - execute_pipeline_step:1362 - Command completed with exit code: 1
2026-09-03 21:59:30,754 [763fb467:pipeline] pipeline - ERROR - execute_pipeline_step:1373 - Step 12_execute.py failed with exit code 1
2026-09-03 21:59:30,756 [763fb467:pipeline] pipeline - ERROR - None:0 - ❌ ❌ Step 4 completed with FAILED
Progress: 4/4 steps (3 successful)
    Execution failed [step_number=4 | duration=99.86024904251099 | status=FAILED] [step_number=4 | duration=99.86024904251099 | status=FAILED]
2026-09-03 21:59:30,757 [763fb467:pipeline] pipeline - INFO - _write_pipeline_summary_outputs:881 - Saving pipeline summary to: /Users/hum/Documents/GitHub/HumOS/projects/outside_of_hum/fep_lean/specs/gnn-bridge-p3-certificates/gnn_output/00_pipeline_summary/pipeline_execution_summary.json
2026-09-03 21:59:30,757 [763fb467:pipeline] pipeline - INFO - _write_pipeline_summary_outputs:887 - Pipeline summary saved successfully
2026-09-03 21:59:30,758 [763fb467:pipeline] pipeline.hasher - INFO - index_run:129 - 📇 Indexed run 5b4ac1c31796 in /Users/hum/Documents/GitHub/HumOS/projects/outside_of_hum/fep_lean/specs/gnn-bridge-p3-certificates/gnn_output/00_pipeline_summary/.history/index.json
2026-09-03 21:59:30,759 [763fb467:pipeline] pipeline - INFO - _write_performance_dashboard:804 - 📊 D3 Performance Dashboard rendered to: /Users/hum/Documents/GitHub/HumOS/projects/outside_of_hum/fep_lean/specs/gnn-bridge-p3-certificates/gnn_output/00_pipeline_summary/performance_dashboard.html
2026-09-03 21:59:30,780 [763fb467:pipeline] report.pipeline_report - INFO - generate_pipeline_report:66 - 📄 Pipeline report generated (1726 chars)
2026-09-03 21:59:30,780 [763fb467:pipeline] pipeline - INFO - _write_final_pipeline_report:827 - 📄 Final pipeline report written to: /Users/hum/Documents/GitHub/HumOS/projects/outside_of_hum/fep_lean/specs/gnn-bridge-p3-certificates/gnn_output/PIPELINE_REPORT.md
2026-09-03 21:59:30,780 [763fb467:pipeline] pipeline - INFO - _log_pipeline_summary_counts:842 - Summary: 3/4 steps successful, 1 failed
2026-09-03 21:59:30,781 [763fb467:pipeline] pipeline - INFO - _print_pipeline_completion:931 - ┌─ Step 4/4: Overall Progress RUNNING
└─ Progress: [██████████████████████████████] (100%)
Stats: ✅ Success: 3 | ⚠️ Warnings: 0 | ❌ Failed: 1 | ⏱️ Elapsed: 1m42s
2026-09-03 21:59:30,781 [763fb467:pipeline] pipeline - INFO - log_pipeline_summary:1215 - 
2026-09-03 21:59:30,781 [763fb467:pipeline] pipeline - INFO - log_pipeline_summary:1216 - ╔═══════════════════════════════════════════════════════════════════════════════════╗
2026-09-03 21:59:30,781 [763fb467:pipeline] pipeline - INFO - log_pipeline_summary:1217 - ║                ⚠️ PIPELINE EXECUTION SUMMARY - PARTIAL_SUCCESS ⚠️                 ║
2026-09-03 21:59:30,781 [763fb467:pipeline] pipeline - INFO - log_pipeline_summary:1218 - ╠═══════════════════════════════════════════════════════════════════════════════════╣
2026-09-03 21:59:30,781 [763fb467:pipeline] pipeline - INFO - log_pipeline_summary:1220 - ║ Total Steps: 4                                                                    ║
2026-09-03 21:59:30,781 [763fb467:pipeline] pipeline - INFO - log_pipeline_summary:1220 - ║ ✅ Successful: 3                                                                   ║
2026-09-03 21:59:30,781 [763fb467:pipeline] pipeline - INFO - log_pipeline_summary:1220 - ║ ⚠️ Warnings: 1                                                                    ║
2026-09-03 21:59:30,781 [763fb467:pipeline] pipeline - INFO - log_pipeline_summary:1220 - ║ ❌ Failed: 1                                                                       ║
2026-09-03 21:59:30,781 [763fb467:pipeline] pipeline - INFO - log_pipeline_summary:1220 - ║ ⏱️ Total Time: 1m42s                                                                ║
2026-09-03 21:59:30,781 [763fb467:pipeline] pipeline - INFO - log_pipeline_summary:1220 - ║ Average Step Time: 25.6s                                                          ║
2026-09-03 21:59:30,781 [763fb467:pipeline] pipeline - INFO - log_pipeline_summary:1220 - ║ 📊 Success Rate: 75.0%                                                             ║
2026-09-03 21:59:30,781 [763fb467:pipeline] pipeline - INFO - log_pipeline_summary:1221 - ╚═══════════════════════════════════════════════════════════════════════════════════╝
2026-09-03 21:59:30,781 [763fb467:pipeline] pipeline - INFO - log_pipeline_summary:1222 - 
2026-09-03 21:59:30,781 [763fb467:pipeline] pipeline - INFO - log_pipeline_summary:1226 - 🔍 DETAILED STEP ANALYSIS:
2026-09-03 21:59:30,782 [763fb467:pipeline] pipeline - INFO - log_pipeline_summary:1283 -   ❌ 12_execute.py: FAILED (1m40s)
2026-09-03 21:59:30,782 [763fb467:pipeline] pipeline - INFO - log_pipeline_summary:1289 -     └─ - ⚠️ Script FepLean_Symmetric_Boolean_Generative_Model_rxinfer.jl failed with return code 1 (rep 1/1
2026-09-03 21:59:30,782 [763fb467:pipeline] pipeline - INFO - log_pipeline_summary:1289 -     └─ Script FepLean_Symmetric_Boolean_Generative_Model_rxinfer.jl failed with return code 1 (rep 1/1)
2026-09-03 21:59:30,782 [763fb467:pipeline] pipeline - INFO - log_pipeline_summary:1292 - 
